KV CELL INITIAL ADMIN: admin@kvcell.local
KV CELL OS PREMIUM on port 8765
